// Jest Snapshot v1, https://goo.gl/fbAQLP

exports[`Header component Displays Header when rendered 1`] = `
<Fragment>
  <section
    className="header-component"
  >
    <h2 />
    <NavBar />
  </section>
</Fragment>
`;
